app/dashboard/manage/[storeId]/page.tsx(143,9): error TS2353: Object literal may only specify known properties, and 'user_id' does not exist in type 'Store'.
app/dashboard/manage/[storeId]/page.tsx(158,13): error TS2353: Object literal may only specify known properties, and 'store_id' does not exist in type 'Item'.
app/dashboard/manage/[storeId]/page.tsx(168,13): error TS2353: Object literal may only specify known properties, and 'store_id' does not exist in type 'Item'.
app/dashboard/manage/[storeId]/page.tsx(178,13): error TS2353: Object literal may only specify known properties, and 'store_id' does not exist in type 'Item'.
app/dashboard/manage/[storeId]/page.tsx(188,13): error TS2353: Object literal may only specify known properties, and 'store_id' does not exist in type 'Item'.
